// Jest Snapshot v1, https://goo.gl/fbAQLP

exports[`smTabs renders default smTabs 1`] = `
<div class="sm-tabs">
  <div class="sm-tabs-bar left">
    <div class="sm-tab active" style="transform: translateX(0px);"><span> 1 </span></div>
    <div class="sm-tab" style="transform: translateX(0px);"><span> 2 </span></div>
    <div class="sm-tab" style="transform: translateX(0px);"><span> 3 </span></div>
  </div>
  <div class="sm-tabs-items">
    <div class="sm-tab-item active"> 1 </div>
    <div class="sm-tab-item"> 2 </div>
    <div class="sm-tab-item"> 3 </div>
  </div>
</div>
`;
