// Jest Snapshot v1, https://goo.gl/fbAQLP

exports[`smSelect renders default smSelect 1`] = `
<div class="sm-container">
  <div>
    <!---->
    <div class="select input-wrapper">
      <p tabindex="0" name="input-holder" class="input-holder">

      </p>
      <sm-tooltip-stub to="input-holder" trigger="manual">

      </sm-tooltip-stub> <span><sm-icon-stub size="large" icon="caret-down" width="" height="" color="#999999"></sm-icon-stub></span>
      <!---->
      <!---->
    </div>
  </div>
  <!---->
</div>
`;

exports[`smSelect renders option header and footer slot 1`] = `<ul class="options"><span id="optionHeader"></span> <span id="optionFooter"></span></ul>`;

exports[`smSelect renders option slot 1`] = `
<li class="option">
  option
</li>
`;

exports[`smSelect renders options slot 1`] = `
<div class="select-menu">
  <p>option-1</p>
  <!---->
  <!---->
</div>
`;
